let x = [|1;2;3|]
let x = [|1;2;3|]
let x = [|(1 : int);(2 : int);(3 : int)|]
let x = [|4;5;((y)[@res.arraySpread ])|]
let x = [|4;5;((y)[@res.arraySpread ]);7;((y)[@res.arraySpread ])|]
let x = [|4;5;(((y : int array))[@res.arraySpread ])|]
let x = [|4;5;k;((y)[@res.arraySpread ])|]
let x = [|((y)[@res.arraySpread ])|]