
  [1;31mWe've found a bug for you![0m
  [36m/.../fixtures/RecordInclusion.res[0m:[2m3:5-5:1[0m

  1 [2mâ”‚[0m module M : {
  2 [2mâ”‚[0m   type t<'a, 'b, 'c> = {x:int, y:list<('a, 'b)>, z:int}
  [1;31m3[0m [2mâ”‚[0m } = [1;31m{[0m
  [1;31m4[0m [2mâ”‚[0m [1;31m  type t<'a, 'b, 'c> = {x:int, y:list<('a, 'c)>, z:int}[0m
  [1;31m5[0m [2mâ”‚[0m [1;31m}[0m
  6 [2mâ”‚[0m 

  Signature mismatch:
  ...
  The type of type [1;33mt[0m differs between interface and implementation.
  
  - Field [1;33my[0m has type [1;31mlist<('a, 'c)>[0m in the implementation, but should have type [1;33mlist<('a0, 'b)>[0m according to the interface
  
  [36m/.../fixtures/RecordInclusion.res[0m:[2m2:3-55[0m:
    Interface
  [36m/.../fixtures/RecordInclusion.res[0m:[2m4:3-55[0m:
    Implementation