
  [1;31mWe've found a bug for you![0m
  [36m/.../fixtures/UntaggedImplIntf.res[0m:[2m3:5-5:1[0m

  1 [2mâ”‚[0m module M: {
  2 [2mâ”‚[0m   @unboxed type t = | @as(null) A
  [1;31m3[0m [2mâ”‚[0m } = [1;31m{[0m
  [1;31m4[0m [2mâ”‚[0m [1;31m  type t = | @as(null) A[0m
  [1;31m5[0m [2mâ”‚[0m [1;31m}[0m

  Signature mismatch:
  Module implementation differs from its interface.
  
  The type of type [1;33mt[0m differs between interface and implementation.
  
  - Their internal representations differ: the interface declaration uses unboxed representation
  
  [36m/.../fixtures/UntaggedImplIntf.res[0m:[2m2:12-33[0m:
    Interface
  [36m/.../fixtures/UntaggedImplIntf.res[0m:[2m4:3-24[0m:
    Implementation