;;node := (if newBalance == 2 then avl |.u (rotateRight node) else node)
;;node := ((if newBalance == 2 then avl |.u (rotateRight node) else node)
    [@attr ])
let x = (match z with | _ -> false) z
let x = ((match z with | _ -> false)[@attr ]) z
let x = assert z z
let x = ((assert z z)[@attr ])
let x = (try sideEffect () with | _ -> f ()) z
let x = ((try sideEffect () with | _ -> f ())[@attr ]) z
let x = for i = 0 to 10 do () done z
let x = ((for i = 0 to 10 do () done)[@attr ]) z
let x = while condition do () done z
let x = ((while condition do () done)[@attr ]) z
let x = (a + (-1)) + (-2)
let x = (a + (((-1))[@attr ])) + (((-2))[@attr ])
let x = (a % a) = 0
let x = a - b
let x = a -. b
;;Constructor (a, b)
;;`Constructor (a, b)
let _ = ((Constructor (a, b); `Constructor (a, b))[@res.braces ])
;;(library.getBalance account) |.u
    (Promise.Js.catch
       (fun [arity:1]_ -> ((Promise.resolved None)[@res.braces ])))