@res.jsxComponentProps
type props<'msg> = {msg: 'msg} // test React JSX file

let make = (props: props<_>) => {
  let msg = props.msg
  {
    ReactDOM.jsx("div", {children: ?ReactDOM.someElement({msg->React.string})})
  }
}
let make = {
  let \"CommentAtTop" = (props: props<_>) => make(props)

  \"CommentAtTop"
}
