@@jsxConfig({version: 4, mode: "classic"})

module V4C = {
  @res.jsxComponentProps
  type props<'msg> = {msg: 'msg}

  let make = (props: props<_>) => {
    let msg = props.msg
    {
      ReactDOM.createDOMElementVariadic("div", [{msg->React.string}])
    }
  }
  let make = {
    let \"FileLevelConfig$V4C" = (props: props<_>) => make(props)

    \"FileLevelConfig$V4C"
  }
}

@@jsxConfig({version: 4, mode: "automatic"})

module V4A = {
  @res.jsxComponentProps
  type props<'msg> = {msg: 'msg}

  let make = (props: props<_>) => {
    let msg = props.msg
    {
      ReactDOM.jsx("div", {children: ?ReactDOM.someElement({msg->React.string})})
    }
  }
  let make = {
    let \"FileLevelConfig$V4A" = (props: props<_>) => make(props)

    \"FileLevelConfig$V4A"
  }
}
