@res.jsxComponentProps type props<'x, 'ref> = {x: 'x, ref?: 'ref}
let make = (
  props: props<string, ReactDOM.Ref.currentDomRef>,
  ref: Js.Nullable.t<ReactDOM.Ref.currentDomRef>,
) => {
  let x: string = props.x
  let _ = ref->Js.Nullable.toOption->Belt.Option.map(ReactDOM.Ref.domRef)
  React.string(x)
}
let make = React.forwardRef({
  let \"InterfaceWithRef" = (props: props<_>, ref) => make(props, ref)
  \"InterfaceWithRef"
})
