module A = {
  @res.jsxComponentProps
  type props<'x> = {x: 'x}
  let make = (props: props<_>) => {
    let x = props.x
    React.string(x)
  }
  let make = {
    let \"Interface$A" = (props: props<_>) => make(props)
    \"Interface$A"
  }
}

module NoProps = {
  @res.jsxComponentProps
  type props = {}

  let make = (_: props) => ReactDOM.jsx("div", {})
  let make = {
    let \"Interface$NoProps" = props => make(props)

    \"Interface$NoProps"
  }
}
