@@jsxConfig({version: 4, mode: "classic"})

module Foo = {
  @res.jsxComponentProps
  type props<'x, 'y> = {x: 'x, y: 'y}

  let make = (props: props<_, _>) => {
    let x = props.x
    let y = props.y
    React.string(x ++ y)
  }
  let make = {
    let \"RemovedKeyProp$Foo" = (props: props<_>) => make(props)

    \"RemovedKeyProp$Foo"
  }
}

module HasChildren = {
  @res.jsxComponentProps
  type props<'children> = {children: 'children}

  let make = (props: props<_>) => {
    let children = props.children
    React.createElement(React.fragment, {children: children})
  }
  let make = {
    let \"RemovedKeyProp$HasChildren" = (props: props<_>) => make(props)

    \"RemovedKeyProp$HasChildren"
  }
}
@res.jsxComponentProps
type props = {}

let make = (_: props) =>
  React.createElementVariadic(
    React.fragment,
    {},
    [
      JsxPPXReactSupport.createElementWithKey(~key="k", Foo.make, {x: "x", y: "y"}),
      React.createElement(Foo.make, {x: "x", y: "y"}),
      JsxPPXReactSupport.createElementWithKey(
        ~key="k",
        HasChildren.make,
        {
          children: React.createElement(Foo.make, {x: "x", y: "y"}),
        },
      ),
      React.createElement(
        HasChildren.make,
        {
          children: React.createElement(Foo.make, {x: "x", y: "y"}),
        },
      ),
    ],
  )
let make = {
  let \"RemovedKeyProp" = props => make(props)

  \"RemovedKeyProp"
}
