@@jsxConfig({version: 4, mode: "classic"})

module V4C = {
  @res.jsxComponentProps
  type props<'a, 'b> = {a: 'a, b: 'b}

  let make = (props: props<_, _>) => {
    let a = props.a
    let b = props.b
    Js.log("This function should be named 'TopLevel.react'")
    ReactDOM.createDOMElementVariadic("div", [])
  }
  let make = {
    let \"TopLevel$V4C" = (props: props<_>) => make(props)

    \"TopLevel$V4C"
  }
}

@@jsxConfig({version: 4, mode: "automatic"})

module V4A = {
  @res.jsxComponentProps
  type props<'a, 'b> = {a: 'a, b: 'b}

  let make = (props: props<_, _>) => {
    let a = props.a
    let b = props.b
    Js.log("This function should be named 'TopLevel.react'")
    ReactDOM.jsx("div", {})
  }
  let make = {
    let \"TopLevel$V4A" = (props: props<_>) => make(props)

    \"TopLevel$V4A"
  }
}
