@res.jsxComponentProps
type props<'x, 'y> = {x: 'x, y: 'y} // Component with type constraint
let make = (props: props<string, string>) => {
  let x: string = props.x
  let y: string = props.y
  React.string(x ++ y)
}
let make = {
  let \"V4" = (props: props<_>) => make(props)
  \"V4"
}

module AnotherName = {
  @res.jsxComponentProps
  type // Component with another name than "make"
  props<'x> = {x: 'x}

  let anotherName = (props: props<_>) => {
    let x = props.x
    React.string(x)
  }
  let anotherName = {
    let \"V4$AnotherName$anotherName" = (props: props<_>) => anotherName(props)

    \"V4$AnotherName$anotherName"
  }
}

module Uncurried = {
  @res.jsxComponentProps
  type props<'x> = {x: 'x}

  let make = (props: props<_>) => {
    let x = props.x
    React.string(x)
  }
  let make = {
    let \"V4$Uncurried" = (props: props<_>) => make(props)

    \"V4$Uncurried"
  }
}

module type TUncurried = {
  @res.jsxComponentProps
  type props<'x> = {x: 'x}

  let make: React.componentLike<props<string>, React.element>
}

module E = {
  @res.jsxComponentProps @live
  type props<'x> = {x: 'x}

  external make: React.componentLike<props<string>, React.element> = "default"
}

module EUncurried = {
  @res.jsxComponentProps @live
  type props<'x> = {x: 'x}

  external make: React.componentLike<props<string>, React.element> = "default"
}

module Rec = {
  @res.jsxComponentProps
  type props = {}

  let rec make = {
    @merlin.focus
    let \"make$Internal" = (_: props) => {
      make(({}: props))
    }
    let make = {
      let \"V4$Rec" = props => \"make$Internal"(props)

      \"V4$Rec"
    }
    make
  }
}

module Rec1 = {
  @res.jsxComponentProps
  type props = {}

  let rec make = {
    @merlin.focus
    let \"make$Internal" = (_: props) => {
      React.null
    }
    let make = {
      let \"V4$Rec1" = props => \"make$Internal"(props)

      \"V4$Rec1"
    }
    make
  }
}

module Rec2 = {
  @res.jsxComponentProps
  type props = {}

  let rec make = {
    @merlin.focus
    let \"make$Internal" = (_: props) => {
      mm(({}: props))
    }
    let make = {
      let \"V4$Rec2" = props => \"make$Internal"(props)

      \"V4$Rec2"
    }
    make
  }
  and mm = x => make(x)
}
